// Vitest Snapshot v1, https://vitest.dev/guide/snapshot.html

exports[`ResumenPedido > Snapshot: Debería mantener la estructura del componente 1`] = `
<div
  class="order-summary sticky-top"
>
  <div
    class="card"
  >
    <div
      class="card-body"
    >
      <h4
        class="card-title"
      >
        Resumen del Pedido
      </h4>
      <hr />
      <div
        class="d-flex justify-content-between mb-3"
      >
        <span>
          Subtotal:
        </span>
        <span
          id="subtotal-price"
        >
          $ 
          50,000
        </span>
      </div>
      <div
        class="d-flex justify-content-between mb-3"
      >
        <span>
          Envío:
        </span>
        <span
          class="text-success"
        >
          Gratis
        </span>
      </div>
      <hr />
      <div
        class="d-flex justify-content-between mb-3"
      >
        <h5>
          Total:
        </h5>
        <h5
          class="total-price"
          id="total-price"
          style="color: rgb(4, 129, 20);"
        >
          $ 
          50,000
        </h5>
      </div>
      <button
        class="btn btn-success w-100 py-2"
      >
        <i
          class="bi bi-credit-card"
        />
         PAGAR
      </button>
      <p
        class="text-muted text-center mt-2 small"
      >
        <i
          class="bi bi-shield-check"
        />
         Pago 100% seguro
      </p>
    </div>
  </div>
</div>
`;
